<?php return array (
  0 => 'Symfony\\Bundle\\FrameworkBundle\\Controller\\AbstractController',
  1 => 'App\\Controller\\AdminController',
  2 => 'App\\Controller\\Admin\\AchatCrudController',
  3 => 'App\\Controller\\Admin\\BienCrudController',
  4 => 'App\\Controller\\Admin\\ClientCrudController',
  5 => 'App\\Controller\\Admin\\DashboardController',
  6 => 'App\\Controller\\Admin\\DetailsCandidatureCrudController',
  7 => 'App\\Controller\\Admin\\ProjetCrudController',
  8 => 'App\\Controller\\Admin\\SiteCrudController',
  9 => 'App\\Controller\\Admin\\TypeDeBienCrudController',
  10 => 'App\\Controller\\Admin\\UserCrudController',
  11 => 'App\\Controller\\Admin\\VilleCrudController',
  12 => 'App\\Controller\\ApiController',
  13 => 'App\\Controller\\FormCandidatController',
  14 => 'App\\Controller\\FormClientController',
  15 => 'App\\Controller\\GoogleController',
  16 => 'App\\Controller\\HomeController',
  17 => 'App\\Controller\\MerciController',
  18 => 'App\\Controller\\PropertyController',
  19 => 'App\\Controller\\RegistrationController',
  20 => 'App\\Controller\\SecurityController',
  21 => 'App\\Controller\\UserController',
  22 => 'App\\Entity\\Achat',
  23 => 'App\\Entity\\Agence',
  24 => 'App\\Entity\\Bien',
  25 => 'App\\Entity\\Client',
  26 => 'App\\Entity\\Contact',
  27 => 'App\\Entity\\Details1',
  28 => 'App\\Entity\\Details2',
  29 => 'App\\Entity\\Details3',
  30 => 'App\\Entity\\Details4',
  31 => 'App\\Entity\\Details5',
  32 => 'App\\Entity\\Details6',
  33 => 'App\\Entity\\Details7',
  34 => 'App\\Entity\\DetailsCandidature',
  35 => 'App\\Entity\\Projet',
  36 => 'App\\Entity\\PropertySearch',
  37 => 'App\\Entity\\Region',
  38 => 'App\\Entity\\Site',
  39 => 'App\\Entity\\TypeDeBien',
  40 => 'App\\Entity\\User',
  41 => 'App\\Entity\\Ville',
  42 => 'Doctrine\\Bundle\\DoctrineBundle\\Controller\\ProfilerController',
  43 => 'Doctrine\\ORM\\Cache\\Persister\\Entity\\AbstractEntityPersister',
  44 => 'Doctrine\\ORM\\Cache\\Persister\\Entity\\CachedEntityPersister',
  45 => 'Doctrine\\ORM\\Cache\\Persister\\Entity\\NonStrictReadWriteCachedEntityPersister',
  46 => 'Doctrine\\ORM\\Cache\\Persister\\Entity\\ReadOnlyCachedEntityPersister',
  47 => 'Doctrine\\ORM\\Cache\\Persister\\Entity\\ReadWriteCachedEntityPersister',
  48 => 'Doctrine\\ORM\\Persisters\\Entity\\AbstractEntityInheritancePersister',
  49 => 'Doctrine\\ORM\\Persisters\\Entity\\BasicEntityPersister',
  50 => 'Doctrine\\ORM\\Persisters\\Entity\\CachedPersisterContext',
  51 => 'Doctrine\\ORM\\Persisters\\Entity\\EntityPersister',
  52 => 'Doctrine\\ORM\\Persisters\\Entity\\JoinedSubclassPersister',
  53 => 'Doctrine\\ORM\\Persisters\\Entity\\SingleTablePersister',
  54 => 'EasyCorp\\Bundle\\EasyAdminBundle\\Contracts\\Controller\\CrudControllerInterface',
  55 => 'EasyCorp\\Bundle\\EasyAdminBundle\\Contracts\\Controller\\DashboardControllerInterface',
  56 => 'EasyCorp\\Bundle\\EasyAdminBundle\\Controller\\AbstractCrudController',
  57 => 'EasyCorp\\Bundle\\EasyAdminBundle\\Controller\\AbstractDashboardController',
  58 => 'EasyCorp\\Bundle\\EasyAdminBundle\\Controller\\EasyAdminController',
  59 => 'KevinPapst\\AdminLTEBundle\\Controller\\BreadcrumbController',
  60 => 'KevinPapst\\AdminLTEBundle\\Controller\\EmitterController',
  61 => 'KevinPapst\\AdminLTEBundle\\Controller\\NavbarController',
  62 => 'KevinPapst\\AdminLTEBundle\\Controller\\SidebarController',
  63 => 'Liip\\ImagineBundle\\Config\\Controller\\ControllerConfig',
  64 => 'Liip\\ImagineBundle\\Controller\\ImagineController',
  66 => 'Symfony\\Bundle\\FrameworkBundle\\Controller\\ControllerResolver',
  67 => 'Symfony\\Bundle\\FrameworkBundle\\Controller\\RedirectController',
  68 => 'Symfony\\Bundle\\FrameworkBundle\\Controller\\TemplateController',
  69 => 'Symfony\\Bundle\\WebProfilerBundle\\Controller\\ExceptionPanelController',
  70 => 'Symfony\\Bundle\\WebProfilerBundle\\Controller\\ProfilerController',
  71 => 'Symfony\\Bundle\\WebProfilerBundle\\Controller\\RouterController',
  72 => 'Symfony\\Component\\HttpKernel\\Controller\\ArgumentResolver',
  73 => 'Symfony\\Component\\HttpKernel\\Controller\\ArgumentResolverInterface',
  74 => 'Symfony\\Component\\HttpKernel\\Controller\\ArgumentResolver\\DefaultValueResolver',
  75 => 'Symfony\\Component\\HttpKernel\\Controller\\ArgumentResolver\\NotTaggedControllerValueResolver',
  76 => 'Symfony\\Component\\HttpKernel\\Controller\\ArgumentResolver\\RequestAttributeValueResolver',
  77 => 'Symfony\\Component\\HttpKernel\\Controller\\ArgumentResolver\\RequestValueResolver',
  78 => 'Symfony\\Component\\HttpKernel\\Controller\\ArgumentResolver\\ServiceValueResolver',
  79 => 'Symfony\\Component\\HttpKernel\\Controller\\ArgumentResolver\\SessionValueResolver',
  80 => 'Symfony\\Component\\HttpKernel\\Controller\\ArgumentResolver\\TraceableValueResolver',
  81 => 'Symfony\\Component\\HttpKernel\\Controller\\ArgumentResolver\\VariadicValueResolver',
  82 => 'Symfony\\Component\\HttpKernel\\Controller\\ArgumentValueResolverInterface',
  83 => 'Symfony\\Component\\HttpKernel\\Controller\\ContainerControllerResolver',
  84 => 'Symfony\\Component\\HttpKernel\\Controller\\ControllerReference',
  85 => 'Symfony\\Component\\HttpKernel\\Controller\\ControllerResolver',
  86 => 'Symfony\\Component\\HttpKernel\\Controller\\ControllerResolverInterface',
  87 => 'Symfony\\Component\\HttpKernel\\Controller\\ErrorController',
  88 => 'Symfony\\Component\\HttpKernel\\Controller\\TraceableArgumentResolver',
  89 => 'Symfony\\Component\\HttpKernel\\Controller\\TraceableControllerResolver',
  90 => 'Symfony\\Component\\Security\\Http\\Controller\\UserValueResolver',
  91 => 'Vich\\UploaderBundle\\Entity\\File',
);